// Jest Snapshot v1, https://goo.gl/fbAQLP

exports[`Header component Should match snapshot 1`] = `
{
  "asFragment": [Function],
  "baseElement": <body>
    <div>
      <header
        class="flex items-center p-4 lg:px-6"
      >
        <div
          class="flex w-full items-center justify-between "
        >
          <div
            class="flex sm:w-1/3 "
          >
            <a
              class="mr-2 flex w-full items-center justify-center sm:w-auto lg:mr-6"
              href="/"
            >
              <div
                class="flex flex-none items-center justify-center border border-neutral-700 bg-black h-[40px] w-[40px] rounded-xl"
              >
                <svg
                  aria-label="Acme Store logo"
                  class="h-5 w-5 fill-white h-[16px] w-[16px]"
                  name="logo-icon"
                  viewBox="0 0 32 28"
                  xmlns="http://www.w3.org/2000/svg"
                >
                  <path
                    d="M21.5758 9.75769L16 0L0 28H11.6255L21.5758 9.75769Z"
                  />
                  <path
                    d="M26.2381 17.9167L20.7382 28H32L26.2381 17.9167Z"
                  />
                </svg>
              </div>
              <span
                class="ml-2 text-sm font-medium uppercase text-white hidden lg:block"
              >
                acme store
              </span>
            </a>
            <ul
              class="hidden gap-6 text-sm lg:flex sm:items-center"
              data-testid="header-items"
            >
              <a
                class="underline-offset-4 hover:underline text-neutral-400 hover:text-neutral-300 cursor-pointer"
                href="/"
              >
                All
              </a>
              <a
                class="underline-offset-4 hover:underline text-neutral-400 hover:text-neutral-300 cursor-pointer"
                href="/category/smartphones"
              >
                Phone
              </a>
              <a
                class="underline-offset-4 hover:underline text-neutral-400 hover:text-neutral-300 cursor-pointer"
                href="/category/laptops"
              >
                Laptop
              </a>
            </ul>
          </div>
          <div
            class="justify-center sm:flex sm:w-1/3"
          >
            <form
              class="w-max-[550px] relative w-full lg:w-80 xl:w-full"
            >
              <input
                class="w-full rounded-lg border border-neutral-800 bg-transparent px-4 py-2 text-sm text-white placeholder:text-neutral-400"
                placeholder="Search Products..."
                type="text"
                value=""
              />
              <div
                class="absolute inset-y-0 right-0 flex items-center pr-4 pointer-events-none"
              >
                <img
                  alt="search-icon"
                  height="16"
                  src=""
                  width="16"
                />
              </div>
            </form>
          </div>
          <div
            class="flex justify-end sm:w-1/3"
          >
            <button
              class="inline-flex items-center text-white justify-center text-sm font-medium focus-visible:outline-none focus-visible:ring-2 focus-visible:ring-offset-2 ring-offset-slate-950 focus-visible:ring-slate-300 border border-neutral-700 transition-colors h-11 w-11 rounded-md"
            >
              <div
                class="relative flex h-11 w-11 items-center justify-center rounded-md border transition-colors border-neutral-700 text-white"
              >
                <img
                  alt="cart-icon"
                  height="16"
                  src=""
                  width="16"
                />
                <div
                  class="absolute inline-flex items-center justify-center w-5 h-5 text-xs text-white bg-blue-600 rounded-full -top-2 -right-2 dark:border-gray-900"
                  data-testid="number-of-items"
                >
                  2
                </div>
              </div>
            </button>
          </div>
        </div>
      </header>
    </div>
  </body>,
  "container": <div>
    <header
      class="flex items-center p-4 lg:px-6"
    >
      <div
        class="flex w-full items-center justify-between "
      >
        <div
          class="flex sm:w-1/3 "
        >
          <a
            class="mr-2 flex w-full items-center justify-center sm:w-auto lg:mr-6"
            href="/"
          >
            <div
              class="flex flex-none items-center justify-center border border-neutral-700 bg-black h-[40px] w-[40px] rounded-xl"
            >
              <svg
                aria-label="Acme Store logo"
                class="h-5 w-5 fill-white h-[16px] w-[16px]"
                name="logo-icon"
                viewBox="0 0 32 28"
                xmlns="http://www.w3.org/2000/svg"
              >
                <path
                  d="M21.5758 9.75769L16 0L0 28H11.6255L21.5758 9.75769Z"
                />
                <path
                  d="M26.2381 17.9167L20.7382 28H32L26.2381 17.9167Z"
                />
              </svg>
            </div>
            <span
              class="ml-2 text-sm font-medium uppercase text-white hidden lg:block"
            >
              acme store
            </span>
          </a>
          <ul
            class="hidden gap-6 text-sm lg:flex sm:items-center"
            data-testid="header-items"
          >
            <a
              class="underline-offset-4 hover:underline text-neutral-400 hover:text-neutral-300 cursor-pointer"
              href="/"
            >
              All
            </a>
            <a
              class="underline-offset-4 hover:underline text-neutral-400 hover:text-neutral-300 cursor-pointer"
              href="/category/smartphones"
            >
              Phone
            </a>
            <a
              class="underline-offset-4 hover:underline text-neutral-400 hover:text-neutral-300 cursor-pointer"
              href="/category/laptops"
            >
              Laptop
            </a>
          </ul>
        </div>
        <div
          class="justify-center sm:flex sm:w-1/3"
        >
          <form
            class="w-max-[550px] relative w-full lg:w-80 xl:w-full"
          >
            <input
              class="w-full rounded-lg border border-neutral-800 bg-transparent px-4 py-2 text-sm text-white placeholder:text-neutral-400"
              placeholder="Search Products..."
              type="text"
              value=""
            />
            <div
              class="absolute inset-y-0 right-0 flex items-center pr-4 pointer-events-none"
            >
              <img
                alt="search-icon"
                height="16"
                src=""
                width="16"
              />
            </div>
          </form>
        </div>
        <div
          class="flex justify-end sm:w-1/3"
        >
          <button
            class="inline-flex items-center text-white justify-center text-sm font-medium focus-visible:outline-none focus-visible:ring-2 focus-visible:ring-offset-2 ring-offset-slate-950 focus-visible:ring-slate-300 border border-neutral-700 transition-colors h-11 w-11 rounded-md"
          >
            <div
              class="relative flex h-11 w-11 items-center justify-center rounded-md border transition-colors border-neutral-700 text-white"
            >
              <img
                alt="cart-icon"
                height="16"
                src=""
                width="16"
              />
              <div
                class="absolute inline-flex items-center justify-center w-5 h-5 text-xs text-white bg-blue-600 rounded-full -top-2 -right-2 dark:border-gray-900"
                data-testid="number-of-items"
              >
                2
              </div>
            </div>
          </button>
        </div>
      </div>
    </header>
  </div>,
  "debug": [Function],
  "findAllByAltText": [Function],
  "findAllByDisplayValue": [Function],
  "findAllByLabelText": [Function],
  "findAllByPlaceholderText": [Function],
  "findAllByRole": [Function],
  "findAllByTestId": [Function],
  "findAllByText": [Function],
  "findAllByTitle": [Function],
  "findByAltText": [Function],
  "findByDisplayValue": [Function],
  "findByLabelText": [Function],
  "findByPlaceholderText": [Function],
  "findByRole": [Function],
  "findByTestId": [Function],
  "findByText": [Function],
  "findByTitle": [Function],
  "getAllByAltText": [Function],
  "getAllByDisplayValue": [Function],
  "getAllByLabelText": [Function],
  "getAllByPlaceholderText": [Function],
  "getAllByRole": [Function],
  "getAllByTestId": [Function],
  "getAllByText": [Function],
  "getAllByTitle": [Function],
  "getByAltText": [Function],
  "getByDisplayValue": [Function],
  "getByLabelText": [Function],
  "getByPlaceholderText": [Function],
  "getByRole": [Function],
  "getByTestId": [Function],
  "getByText": [Function],
  "getByTitle": [Function],
  "queryAllByAltText": [Function],
  "queryAllByDisplayValue": [Function],
  "queryAllByLabelText": [Function],
  "queryAllByPlaceholderText": [Function],
  "queryAllByRole": [Function],
  "queryAllByTestId": [Function],
  "queryAllByText": [Function],
  "queryAllByTitle": [Function],
  "queryByAltText": [Function],
  "queryByDisplayValue": [Function],
  "queryByLabelText": [Function],
  "queryByPlaceholderText": [Function],
  "queryByRole": [Function],
  "queryByTestId": [Function],
  "queryByText": [Function],
  "queryByTitle": [Function],
  "rerender": [Function],
  "unmount": [Function],
}
`;
