// Jest Snapshot v1, https://goo.gl/fbAQLP

exports[`ProductListContainer Should render correctly 1`] = `
{
  "asFragment": [Function],
  "baseElement": <body>
    <div>
      <ul
        class="grid grid-flow-row gap-4 grid-cols-1 sm:grid-cols-2 lg:grid-cols-3"
        data-testid="product-list"
      >
        <li
          class="aspect-square transition-opacity animate-fadeIn"
        >
          <a
            href="/product/1"
          >
            <div
              class="relative inline-block h-full w-full"
            >
              <div
                class="group flex h-full w-full items-center justify-center overflow-hidden rounded-lg border hover:border-blue-600 bg-black relative border-neutral-800"
              >
                <img
                  alt="iPhone 9"
                  class="relative h-full w-full object-cover transition duration-300 ease-in-out group-hover:scale-105"
                  loading="lazy"
                  src="https://i.dummyjson.com/data/products/1/thumbnail.jpg"
                />
                <div
                  class="absolute bottom-0 left-0 flex w-full px-4 pb-4"
                >
                  <div
                    class="flex items-center rounded-full border p-1 text-xs font-semibold backdrop-blur-md border-neutral-800 bg-black/70 text-white"
                  >
                    <h3
                      class="mr-4 line-clamp-2 flex-grow pl-2 leading-none tracking-tight"
                    >
                      iPhone 9
                    </h3>
                    <p
                      class="flex-none rounded-full bg-blue-600 p-2 text-white"
                    >
                      549
                      <span
                        class="ml-1 inline @[275px]/label:inline"
                      >
                        USD
                      </span>
                    </p>
                  </div>
                </div>
              </div>
            </div>
          </a>
        </li>
        <li
          class="aspect-square transition-opacity animate-fadeIn"
        >
          <a
            href="/product/2"
          >
            <div
              class="relative inline-block h-full w-full"
            >
              <div
                class="group flex h-full w-full items-center justify-center overflow-hidden rounded-lg border hover:border-blue-600 bg-black relative border-neutral-800"
              >
                <img
                  alt="iPhone X"
                  class="relative h-full w-full object-cover transition duration-300 ease-in-out group-hover:scale-105"
                  loading="lazy"
                  src="https://i.dummyjson.com/data/products/2/thumbnail.jpg"
                />
                <div
                  class="absolute bottom-0 left-0 flex w-full px-4 pb-4"
                >
                  <div
                    class="flex items-center rounded-full border p-1 text-xs font-semibold backdrop-blur-md border-neutral-800 bg-black/70 text-white"
                  >
                    <h3
                      class="mr-4 line-clamp-2 flex-grow pl-2 leading-none tracking-tight"
                    >
                      iPhone X
                    </h3>
                    <p
                      class="flex-none rounded-full bg-blue-600 p-2 text-white"
                    >
                      899
                      <span
                        class="ml-1 inline @[275px]/label:inline"
                      >
                        USD
                      </span>
                    </p>
                  </div>
                </div>
              </div>
            </div>
          </a>
        </li>
        <li
          class="aspect-square transition-opacity animate-fadeIn"
        >
          <a
            href="/product/3"
          >
            <div
              class="relative inline-block h-full w-full"
            >
              <div
                class="group flex h-full w-full items-center justify-center overflow-hidden rounded-lg border hover:border-blue-600 bg-black relative border-neutral-800"
              >
                <img
                  alt="Samsung Universe 9"
                  class="relative h-full w-full object-cover transition duration-300 ease-in-out group-hover:scale-105"
                  loading="lazy"
                  src="https://i.dummyjson.com/data/products/3/thumbnail.jpg"
                />
                <div
                  class="absolute bottom-0 left-0 flex w-full px-4 pb-4"
                >
                  <div
                    class="flex items-center rounded-full border p-1 text-xs font-semibold backdrop-blur-md border-neutral-800 bg-black/70 text-white"
                  >
                    <h3
                      class="mr-4 line-clamp-2 flex-grow pl-2 leading-none tracking-tight"
                    >
                      Samsung Universe 9
                    </h3>
                    <p
                      class="flex-none rounded-full bg-blue-600 p-2 text-white"
                    >
                      1249
                      <span
                        class="ml-1 inline @[275px]/label:inline"
                      >
                        USD
                      </span>
                    </p>
                  </div>
                </div>
              </div>
            </div>
          </a>
        </li>
        <li
          class="aspect-square transition-opacity animate-fadeIn"
        >
          <a
            href="/product/4"
          >
            <div
              class="relative inline-block h-full w-full"
            >
              <div
                class="group flex h-full w-full items-center justify-center overflow-hidden rounded-lg border hover:border-blue-600 bg-black relative border-neutral-800"
              >
                <img
                  alt="OPPOF19"
                  class="relative h-full w-full object-cover transition duration-300 ease-in-out group-hover:scale-105"
                  loading="lazy"
                  src="https://i.dummyjson.com/data/products/4/thumbnail.jpg"
                />
                <div
                  class="absolute bottom-0 left-0 flex w-full px-4 pb-4"
                >
                  <div
                    class="flex items-center rounded-full border p-1 text-xs font-semibold backdrop-blur-md border-neutral-800 bg-black/70 text-white"
                  >
                    <h3
                      class="mr-4 line-clamp-2 flex-grow pl-2 leading-none tracking-tight"
                    >
                      OPPOF19
                    </h3>
                    <p
                      class="flex-none rounded-full bg-blue-600 p-2 text-white"
                    >
                      280
                      <span
                        class="ml-1 inline @[275px]/label:inline"
                      >
                        USD
                      </span>
                    </p>
                  </div>
                </div>
              </div>
            </div>
          </a>
        </li>
        <li
          class="aspect-square transition-opacity animate-fadeIn"
        >
          <a
            href="/product/5"
          >
            <div
              class="relative inline-block h-full w-full"
            >
              <div
                class="group flex h-full w-full items-center justify-center overflow-hidden rounded-lg border hover:border-blue-600 bg-black relative border-neutral-800"
              >
                <img
                  alt="Huawei P30"
                  class="relative h-full w-full object-cover transition duration-300 ease-in-out group-hover:scale-105"
                  loading="lazy"
                  src="https://i.dummyjson.com/data/products/5/thumbnail.jpg"
                />
                <div
                  class="absolute bottom-0 left-0 flex w-full px-4 pb-4"
                >
                  <div
                    class="flex items-center rounded-full border p-1 text-xs font-semibold backdrop-blur-md border-neutral-800 bg-black/70 text-white"
                  >
                    <h3
                      class="mr-4 line-clamp-2 flex-grow pl-2 leading-none tracking-tight"
                    >
                      Huawei P30
                    </h3>
                    <p
                      class="flex-none rounded-full bg-blue-600 p-2 text-white"
                    >
                      499
                      <span
                        class="ml-1 inline @[275px]/label:inline"
                      >
                        USD
                      </span>
                    </p>
                  </div>
                </div>
              </div>
            </div>
          </a>
        </li>
        <li
          class="aspect-square transition-opacity animate-fadeIn"
        >
          <a
            href="/product/6"
          >
            <div
              class="relative inline-block h-full w-full"
            >
              <div
                class="group flex h-full w-full items-center justify-center overflow-hidden rounded-lg border hover:border-blue-600 bg-black relative border-neutral-800"
              >
                <img
                  alt="MacBook Pro"
                  class="relative h-full w-full object-cover transition duration-300 ease-in-out group-hover:scale-105"
                  loading="lazy"
                  src="https://i.dummyjson.com/data/products/6/thumbnail.png"
                />
                <div
                  class="absolute bottom-0 left-0 flex w-full px-4 pb-4"
                >
                  <div
                    class="flex items-center rounded-full border p-1 text-xs font-semibold backdrop-blur-md border-neutral-800 bg-black/70 text-white"
                  >
                    <h3
                      class="mr-4 line-clamp-2 flex-grow pl-2 leading-none tracking-tight"
                    >
                      MacBook Pro
                    </h3>
                    <p
                      class="flex-none rounded-full bg-blue-600 p-2 text-white"
                    >
                      1749
                      <span
                        class="ml-1 inline @[275px]/label:inline"
                      >
                        USD
                      </span>
                    </p>
                  </div>
                </div>
              </div>
            </div>
          </a>
        </li>
        <li
          class="aspect-square transition-opacity animate-fadeIn"
        >
          <a
            href="/product/7"
          >
            <div
              class="relative inline-block h-full w-full"
            >
              <div
                class="group flex h-full w-full items-center justify-center overflow-hidden rounded-lg border hover:border-blue-600 bg-black relative border-neutral-800"
              >
                <img
                  alt="Samsung Galaxy Book"
                  class="relative h-full w-full object-cover transition duration-300 ease-in-out group-hover:scale-105"
                  loading="lazy"
                  src="https://i.dummyjson.com/data/products/7/thumbnail.jpg"
                />
                <div
                  class="absolute bottom-0 left-0 flex w-full px-4 pb-4"
                >
                  <div
                    class="flex items-center rounded-full border p-1 text-xs font-semibold backdrop-blur-md border-neutral-800 bg-black/70 text-white"
                  >
                    <h3
                      class="mr-4 line-clamp-2 flex-grow pl-2 leading-none tracking-tight"
                    >
                      Samsung Galaxy Book
                    </h3>
                    <p
                      class="flex-none rounded-full bg-blue-600 p-2 text-white"
                    >
                      1499
                      <span
                        class="ml-1 inline @[275px]/label:inline"
                      >
                        USD
                      </span>
                    </p>
                  </div>
                </div>
              </div>
            </div>
          </a>
        </li>
        <li
          class="aspect-square transition-opacity animate-fadeIn"
        >
          <a
            href="/product/8"
          >
            <div
              class="relative inline-block h-full w-full"
            >
              <div
                class="group flex h-full w-full items-center justify-center overflow-hidden rounded-lg border hover:border-blue-600 bg-black relative border-neutral-800"
              >
                <img
                  alt="Microsoft Surface Laptop 4"
                  class="relative h-full w-full object-cover transition duration-300 ease-in-out group-hover:scale-105"
                  loading="lazy"
                  src="https://i.dummyjson.com/data/products/8/thumbnail.jpg"
                />
                <div
                  class="absolute bottom-0 left-0 flex w-full px-4 pb-4"
                >
                  <div
                    class="flex items-center rounded-full border p-1 text-xs font-semibold backdrop-blur-md border-neutral-800 bg-black/70 text-white"
                  >
                    <h3
                      class="mr-4 line-clamp-2 flex-grow pl-2 leading-none tracking-tight"
                    >
                      Microsoft Surface Laptop 4
                    </h3>
                    <p
                      class="flex-none rounded-full bg-blue-600 p-2 text-white"
                    >
                      1499
                      <span
                        class="ml-1 inline @[275px]/label:inline"
                      >
                        USD
                      </span>
                    </p>
                  </div>
                </div>
              </div>
            </div>
          </a>
        </li>
        <li
          class="aspect-square transition-opacity animate-fadeIn"
        >
          <a
            href="/product/9"
          >
            <div
              class="relative inline-block h-full w-full"
            >
              <div
                class="group flex h-full w-full items-center justify-center overflow-hidden rounded-lg border hover:border-blue-600 bg-black relative border-neutral-800"
              >
                <img
                  alt="Infinix INBOOK"
                  class="relative h-full w-full object-cover transition duration-300 ease-in-out group-hover:scale-105"
                  loading="lazy"
                  src="https://i.dummyjson.com/data/products/9/thumbnail.jpg"
                />
                <div
                  class="absolute bottom-0 left-0 flex w-full px-4 pb-4"
                >
                  <div
                    class="flex items-center rounded-full border p-1 text-xs font-semibold backdrop-blur-md border-neutral-800 bg-black/70 text-white"
                  >
                    <h3
                      class="mr-4 line-clamp-2 flex-grow pl-2 leading-none tracking-tight"
                    >
                      Infinix INBOOK
                    </h3>
                    <p
                      class="flex-none rounded-full bg-blue-600 p-2 text-white"
                    >
                      1099
                      <span
                        class="ml-1 inline @[275px]/label:inline"
                      >
                        USD
                      </span>
                    </p>
                  </div>
                </div>
              </div>
            </div>
          </a>
        </li>
      </ul>
      <nav
        class="pt-4 flex justify-end"
      >
        <ul
          class="inline-flex -space-x-px text-md gap-4"
          data-testid="pagination"
        >
          <li>
            <button
              class="inline-flex items-center text-white justify-center text-sm font-medium focus-visible:outline-none focus-visible:ring-2 focus-visible:ring-offset-2 ring-offset-slate-950 focus-visible:ring-slate-300 border-neutral-800 ring-1 transition duration-300 ease-in-out enabled:hover:scale-110 enabled:hover:ring-blue-600 relative z-10 disabled:cursor-not-allowed overflow-hidden disabled:before:absolute disabled:before:inset-x-0 disabled:before:-z-10 disabled:before:h-px disabled:before:-rotate-45 disabled:before:transition-transform disabled:text-neutral-400 ring-neutral-700 disabled:before:bg-neutral-700 h-11 w-11 rounded-md bg-blue-600"
              value="1"
            >
              1
            </button>
          </li>
          <li>
            <button
              class="inline-flex items-center text-white justify-center text-sm font-medium focus-visible:outline-none focus-visible:ring-2 focus-visible:ring-offset-2 ring-offset-slate-950 focus-visible:ring-slate-300 bg-neutral-900 border-neutral-800 ring-1 transition duration-300 ease-in-out enabled:hover:scale-110 enabled:hover:ring-blue-600 relative z-10 disabled:cursor-not-allowed overflow-hidden disabled:before:absolute disabled:before:inset-x-0 disabled:before:-z-10 disabled:before:h-px disabled:before:-rotate-45 disabled:before:transition-transform disabled:text-neutral-400 ring-neutral-700 disabled:before:bg-neutral-700 h-11 w-11 rounded-md"
              value="2"
            >
              2
            </button>
          </li>
        </ul>
      </nav>
    </div>
  </body>,
  "container": <div>
    <ul
      class="grid grid-flow-row gap-4 grid-cols-1 sm:grid-cols-2 lg:grid-cols-3"
      data-testid="product-list"
    >
      <li
        class="aspect-square transition-opacity animate-fadeIn"
      >
        <a
          href="/product/1"
        >
          <div
            class="relative inline-block h-full w-full"
          >
            <div
              class="group flex h-full w-full items-center justify-center overflow-hidden rounded-lg border hover:border-blue-600 bg-black relative border-neutral-800"
            >
              <img
                alt="iPhone 9"
                class="relative h-full w-full object-cover transition duration-300 ease-in-out group-hover:scale-105"
                loading="lazy"
                src="https://i.dummyjson.com/data/products/1/thumbnail.jpg"
              />
              <div
                class="absolute bottom-0 left-0 flex w-full px-4 pb-4"
              >
                <div
                  class="flex items-center rounded-full border p-1 text-xs font-semibold backdrop-blur-md border-neutral-800 bg-black/70 text-white"
                >
                  <h3
                    class="mr-4 line-clamp-2 flex-grow pl-2 leading-none tracking-tight"
                  >
                    iPhone 9
                  </h3>
                  <p
                    class="flex-none rounded-full bg-blue-600 p-2 text-white"
                  >
                    549
                    <span
                      class="ml-1 inline @[275px]/label:inline"
                    >
                      USD
                    </span>
                  </p>
                </div>
              </div>
            </div>
          </div>
        </a>
      </li>
      <li
        class="aspect-square transition-opacity animate-fadeIn"
      >
        <a
          href="/product/2"
        >
          <div
            class="relative inline-block h-full w-full"
          >
            <div
              class="group flex h-full w-full items-center justify-center overflow-hidden rounded-lg border hover:border-blue-600 bg-black relative border-neutral-800"
            >
              <img
                alt="iPhone X"
                class="relative h-full w-full object-cover transition duration-300 ease-in-out group-hover:scale-105"
                loading="lazy"
                src="https://i.dummyjson.com/data/products/2/thumbnail.jpg"
              />
              <div
                class="absolute bottom-0 left-0 flex w-full px-4 pb-4"
              >
                <div
                  class="flex items-center rounded-full border p-1 text-xs font-semibold backdrop-blur-md border-neutral-800 bg-black/70 text-white"
                >
                  <h3
                    class="mr-4 line-clamp-2 flex-grow pl-2 leading-none tracking-tight"
                  >
                    iPhone X
                  </h3>
                  <p
                    class="flex-none rounded-full bg-blue-600 p-2 text-white"
                  >
                    899
                    <span
                      class="ml-1 inline @[275px]/label:inline"
                    >
                      USD
                    </span>
                  </p>
                </div>
              </div>
            </div>
          </div>
        </a>
      </li>
      <li
        class="aspect-square transition-opacity animate-fadeIn"
      >
        <a
          href="/product/3"
        >
          <div
            class="relative inline-block h-full w-full"
          >
            <div
              class="group flex h-full w-full items-center justify-center overflow-hidden rounded-lg border hover:border-blue-600 bg-black relative border-neutral-800"
            >
              <img
                alt="Samsung Universe 9"
                class="relative h-full w-full object-cover transition duration-300 ease-in-out group-hover:scale-105"
                loading="lazy"
                src="https://i.dummyjson.com/data/products/3/thumbnail.jpg"
              />
              <div
                class="absolute bottom-0 left-0 flex w-full px-4 pb-4"
              >
                <div
                  class="flex items-center rounded-full border p-1 text-xs font-semibold backdrop-blur-md border-neutral-800 bg-black/70 text-white"
                >
                  <h3
                    class="mr-4 line-clamp-2 flex-grow pl-2 leading-none tracking-tight"
                  >
                    Samsung Universe 9
                  </h3>
                  <p
                    class="flex-none rounded-full bg-blue-600 p-2 text-white"
                  >
                    1249
                    <span
                      class="ml-1 inline @[275px]/label:inline"
                    >
                      USD
                    </span>
                  </p>
                </div>
              </div>
            </div>
          </div>
        </a>
      </li>
      <li
        class="aspect-square transition-opacity animate-fadeIn"
      >
        <a
          href="/product/4"
        >
          <div
            class="relative inline-block h-full w-full"
          >
            <div
              class="group flex h-full w-full items-center justify-center overflow-hidden rounded-lg border hover:border-blue-600 bg-black relative border-neutral-800"
            >
              <img
                alt="OPPOF19"
                class="relative h-full w-full object-cover transition duration-300 ease-in-out group-hover:scale-105"
                loading="lazy"
                src="https://i.dummyjson.com/data/products/4/thumbnail.jpg"
              />
              <div
                class="absolute bottom-0 left-0 flex w-full px-4 pb-4"
              >
                <div
                  class="flex items-center rounded-full border p-1 text-xs font-semibold backdrop-blur-md border-neutral-800 bg-black/70 text-white"
                >
                  <h3
                    class="mr-4 line-clamp-2 flex-grow pl-2 leading-none tracking-tight"
                  >
                    OPPOF19
                  </h3>
                  <p
                    class="flex-none rounded-full bg-blue-600 p-2 text-white"
                  >
                    280
                    <span
                      class="ml-1 inline @[275px]/label:inline"
                    >
                      USD
                    </span>
                  </p>
                </div>
              </div>
            </div>
          </div>
        </a>
      </li>
      <li
        class="aspect-square transition-opacity animate-fadeIn"
      >
        <a
          href="/product/5"
        >
          <div
            class="relative inline-block h-full w-full"
          >
            <div
              class="group flex h-full w-full items-center justify-center overflow-hidden rounded-lg border hover:border-blue-600 bg-black relative border-neutral-800"
            >
              <img
                alt="Huawei P30"
                class="relative h-full w-full object-cover transition duration-300 ease-in-out group-hover:scale-105"
                loading="lazy"
                src="https://i.dummyjson.com/data/products/5/thumbnail.jpg"
              />
              <div
                class="absolute bottom-0 left-0 flex w-full px-4 pb-4"
              >
                <div
                  class="flex items-center rounded-full border p-1 text-xs font-semibold backdrop-blur-md border-neutral-800 bg-black/70 text-white"
                >
                  <h3
                    class="mr-4 line-clamp-2 flex-grow pl-2 leading-none tracking-tight"
                  >
                    Huawei P30
                  </h3>
                  <p
                    class="flex-none rounded-full bg-blue-600 p-2 text-white"
                  >
                    499
                    <span
                      class="ml-1 inline @[275px]/label:inline"
                    >
                      USD
                    </span>
                  </p>
                </div>
              </div>
            </div>
          </div>
        </a>
      </li>
      <li
        class="aspect-square transition-opacity animate-fadeIn"
      >
        <a
          href="/product/6"
        >
          <div
            class="relative inline-block h-full w-full"
          >
            <div
              class="group flex h-full w-full items-center justify-center overflow-hidden rounded-lg border hover:border-blue-600 bg-black relative border-neutral-800"
            >
              <img
                alt="MacBook Pro"
                class="relative h-full w-full object-cover transition duration-300 ease-in-out group-hover:scale-105"
                loading="lazy"
                src="https://i.dummyjson.com/data/products/6/thumbnail.png"
              />
              <div
                class="absolute bottom-0 left-0 flex w-full px-4 pb-4"
              >
                <div
                  class="flex items-center rounded-full border p-1 text-xs font-semibold backdrop-blur-md border-neutral-800 bg-black/70 text-white"
                >
                  <h3
                    class="mr-4 line-clamp-2 flex-grow pl-2 leading-none tracking-tight"
                  >
                    MacBook Pro
                  </h3>
                  <p
                    class="flex-none rounded-full bg-blue-600 p-2 text-white"
                  >
                    1749
                    <span
                      class="ml-1 inline @[275px]/label:inline"
                    >
                      USD
                    </span>
                  </p>
                </div>
              </div>
            </div>
          </div>
        </a>
      </li>
      <li
        class="aspect-square transition-opacity animate-fadeIn"
      >
        <a
          href="/product/7"
        >
          <div
            class="relative inline-block h-full w-full"
          >
            <div
              class="group flex h-full w-full items-center justify-center overflow-hidden rounded-lg border hover:border-blue-600 bg-black relative border-neutral-800"
            >
              <img
                alt="Samsung Galaxy Book"
                class="relative h-full w-full object-cover transition duration-300 ease-in-out group-hover:scale-105"
                loading="lazy"
                src="https://i.dummyjson.com/data/products/7/thumbnail.jpg"
              />
              <div
                class="absolute bottom-0 left-0 flex w-full px-4 pb-4"
              >
                <div
                  class="flex items-center rounded-full border p-1 text-xs font-semibold backdrop-blur-md border-neutral-800 bg-black/70 text-white"
                >
                  <h3
                    class="mr-4 line-clamp-2 flex-grow pl-2 leading-none tracking-tight"
                  >
                    Samsung Galaxy Book
                  </h3>
                  <p
                    class="flex-none rounded-full bg-blue-600 p-2 text-white"
                  >
                    1499
                    <span
                      class="ml-1 inline @[275px]/label:inline"
                    >
                      USD
                    </span>
                  </p>
                </div>
              </div>
            </div>
          </div>
        </a>
      </li>
      <li
        class="aspect-square transition-opacity animate-fadeIn"
      >
        <a
          href="/product/8"
        >
          <div
            class="relative inline-block h-full w-full"
          >
            <div
              class="group flex h-full w-full items-center justify-center overflow-hidden rounded-lg border hover:border-blue-600 bg-black relative border-neutral-800"
            >
              <img
                alt="Microsoft Surface Laptop 4"
                class="relative h-full w-full object-cover transition duration-300 ease-in-out group-hover:scale-105"
                loading="lazy"
                src="https://i.dummyjson.com/data/products/8/thumbnail.jpg"
              />
              <div
                class="absolute bottom-0 left-0 flex w-full px-4 pb-4"
              >
                <div
                  class="flex items-center rounded-full border p-1 text-xs font-semibold backdrop-blur-md border-neutral-800 bg-black/70 text-white"
                >
                  <h3
                    class="mr-4 line-clamp-2 flex-grow pl-2 leading-none tracking-tight"
                  >
                    Microsoft Surface Laptop 4
                  </h3>
                  <p
                    class="flex-none rounded-full bg-blue-600 p-2 text-white"
                  >
                    1499
                    <span
                      class="ml-1 inline @[275px]/label:inline"
                    >
                      USD
                    </span>
                  </p>
                </div>
              </div>
            </div>
          </div>
        </a>
      </li>
      <li
        class="aspect-square transition-opacity animate-fadeIn"
      >
        <a
          href="/product/9"
        >
          <div
            class="relative inline-block h-full w-full"
          >
            <div
              class="group flex h-full w-full items-center justify-center overflow-hidden rounded-lg border hover:border-blue-600 bg-black relative border-neutral-800"
            >
              <img
                alt="Infinix INBOOK"
                class="relative h-full w-full object-cover transition duration-300 ease-in-out group-hover:scale-105"
                loading="lazy"
                src="https://i.dummyjson.com/data/products/9/thumbnail.jpg"
              />
              <div
                class="absolute bottom-0 left-0 flex w-full px-4 pb-4"
              >
                <div
                  class="flex items-center rounded-full border p-1 text-xs font-semibold backdrop-blur-md border-neutral-800 bg-black/70 text-white"
                >
                  <h3
                    class="mr-4 line-clamp-2 flex-grow pl-2 leading-none tracking-tight"
                  >
                    Infinix INBOOK
                  </h3>
                  <p
                    class="flex-none rounded-full bg-blue-600 p-2 text-white"
                  >
                    1099
                    <span
                      class="ml-1 inline @[275px]/label:inline"
                    >
                      USD
                    </span>
                  </p>
                </div>
              </div>
            </div>
          </div>
        </a>
      </li>
    </ul>
    <nav
      class="pt-4 flex justify-end"
    >
      <ul
        class="inline-flex -space-x-px text-md gap-4"
        data-testid="pagination"
      >
        <li>
          <button
            class="inline-flex items-center text-white justify-center text-sm font-medium focus-visible:outline-none focus-visible:ring-2 focus-visible:ring-offset-2 ring-offset-slate-950 focus-visible:ring-slate-300 border-neutral-800 ring-1 transition duration-300 ease-in-out enabled:hover:scale-110 enabled:hover:ring-blue-600 relative z-10 disabled:cursor-not-allowed overflow-hidden disabled:before:absolute disabled:before:inset-x-0 disabled:before:-z-10 disabled:before:h-px disabled:before:-rotate-45 disabled:before:transition-transform disabled:text-neutral-400 ring-neutral-700 disabled:before:bg-neutral-700 h-11 w-11 rounded-md bg-blue-600"
            value="1"
          >
            1
          </button>
        </li>
        <li>
          <button
            class="inline-flex items-center text-white justify-center text-sm font-medium focus-visible:outline-none focus-visible:ring-2 focus-visible:ring-offset-2 ring-offset-slate-950 focus-visible:ring-slate-300 bg-neutral-900 border-neutral-800 ring-1 transition duration-300 ease-in-out enabled:hover:scale-110 enabled:hover:ring-blue-600 relative z-10 disabled:cursor-not-allowed overflow-hidden disabled:before:absolute disabled:before:inset-x-0 disabled:before:-z-10 disabled:before:h-px disabled:before:-rotate-45 disabled:before:transition-transform disabled:text-neutral-400 ring-neutral-700 disabled:before:bg-neutral-700 h-11 w-11 rounded-md"
            value="2"
          >
            2
          </button>
        </li>
      </ul>
    </nav>
  </div>,
  "debug": [Function],
  "findAllByAltText": [Function],
  "findAllByDisplayValue": [Function],
  "findAllByLabelText": [Function],
  "findAllByPlaceholderText": [Function],
  "findAllByRole": [Function],
  "findAllByTestId": [Function],
  "findAllByText": [Function],
  "findAllByTitle": [Function],
  "findByAltText": [Function],
  "findByDisplayValue": [Function],
  "findByLabelText": [Function],
  "findByPlaceholderText": [Function],
  "findByRole": [Function],
  "findByTestId": [Function],
  "findByText": [Function],
  "findByTitle": [Function],
  "getAllByAltText": [Function],
  "getAllByDisplayValue": [Function],
  "getAllByLabelText": [Function],
  "getAllByPlaceholderText": [Function],
  "getAllByRole": [Function],
  "getAllByTestId": [Function],
  "getAllByText": [Function],
  "getAllByTitle": [Function],
  "getByAltText": [Function],
  "getByDisplayValue": [Function],
  "getByLabelText": [Function],
  "getByPlaceholderText": [Function],
  "getByRole": [Function],
  "getByTestId": [Function],
  "getByText": [Function],
  "getByTitle": [Function],
  "queryAllByAltText": [Function],
  "queryAllByDisplayValue": [Function],
  "queryAllByLabelText": [Function],
  "queryAllByPlaceholderText": [Function],
  "queryAllByRole": [Function],
  "queryAllByTestId": [Function],
  "queryAllByText": [Function],
  "queryAllByTitle": [Function],
  "queryByAltText": [Function],
  "queryByDisplayValue": [Function],
  "queryByLabelText": [Function],
  "queryByPlaceholderText": [Function],
  "queryByRole": [Function],
  "queryByTestId": [Function],
  "queryByText": [Function],
  "queryByTitle": [Function],
  "rerender": [Function],
  "unmount": [Function],
}
`;
