// Jest Snapshot v1, https://goo.gl/fbAQLP

exports[`ProductCard Component Should match snapshot 1`] = `
{
  "asFragment": [Function],
  "baseElement": <body>
    <div>
      <div
        class="flex flex-col w-full justify-between rounded-lg border p-8 border-neutral-800 bg-black md:p-12 lg:flex-row lg:gap-8"
      >
        <div
          class="h-full w-full basis-full"
        >
          <div
            class="relative h-full max-h-[500px] w-full overflow-hidden flex items-center justify-between mx-auto"
          >
            <img
              alt="Product 1 - phone"
              class="object-cover w-[600px] h-[500px]"
              height="500"
              loading="lazy"
              src="https://demo.vercel.store/_next/image?url=https%3A%2F%2Fcdn.shopify.com%2Fs%2Ffiles%2F1%2F0754%2F3727%2F7491%2Ffiles%2Ft-shirt-1.png%3Fv%3D1689798965&w=3840&q=75"
              width="600"
            />
          </div>
          <ul
            class="my-12 flex items-center justify-center gap-2 overflow-auto py-1 lg:mb-0"
          >
            <li
              class="h-20 w-20"
            >
              <div
                class="cursor-pointer group flex h-full w-full items-center justify-center overflow-hidden rounded-lg border hover:border-blue-600 bg-black border-2 border-blue-600"
              >
                <img
                  alt="Product 1"
                  class="relative h-full w-full object-contain transition duration-300 ease-in-out group-hover:scale-105"
                  src="https://demo.vercel.store/_next/image?url=https%3A%2F%2Fcdn.shopify.com%2Fs%2Ffiles%2F1%2F0754%2F3727%2F7491%2Ffiles%2Ft-shirt-1.png%3Fv%3D1689798965&w=3840&q=75"
                />
              </div>
            </li>
          </ul>
        </div>
        <div
          class="basis-full lg:basis-2/6"
        >
          <div
            class="mb-6 flex flex-col border-b pb-6 border-neutral-700"
          >
            <h1
              class="mb-2 text-5xl text-white font-medium"
            >
              Product 1
            </h1>
            <p
              class="mr-auto w-auto rounded-full bg-blue-600 p-2 text-sm text-white"
            >
              $20
              <span
                class="ml-1 inline"
              >
                USD
              </span>
            </p>
          </div>
          <div
            class="prose mx-auto max-w-6xl text-base leading-7 prose-headings:mt-8 prose-headings:font-semibold prose-headings:tracking-wide prose-h1:text-5xl prose-h2:text-4xl prose-h3:text-3xl prose-h4:text-2xl prose-h5:text-xl prose-h6:text-lg prose-a:underline hover:prose-a:text-neutral-300 prose-ol:mt-8 prose-ol:list-decimal prose-ol:pl-6 prose-ul:mt-8 prose-ul:list-disc prose-ul:pl-6 text-white prose-headings:text-white prose-a:text-white prose-strong:text-white mb-6 text-sm leading-tight text-white/[60%]"
          />
          <button
            class="inline-flex items-center text-white justify-center text-sm font-medium transition-colors focus-visible:outline-none focus-visible:ring-2 focus-visible:ring-offset-2 ring-offset-slate-950 focus-visible:ring-slate-300 bg-blue-600 hover:opacity-90 disabled:cursor-not-allowed disabled:opacity-50 w-full h-11 rounded-full"
          >
            Add To Cart
          </button>
        </div>
      </div>
    </div>
  </body>,
  "container": <div>
    <div
      class="flex flex-col w-full justify-between rounded-lg border p-8 border-neutral-800 bg-black md:p-12 lg:flex-row lg:gap-8"
    >
      <div
        class="h-full w-full basis-full"
      >
        <div
          class="relative h-full max-h-[500px] w-full overflow-hidden flex items-center justify-between mx-auto"
        >
          <img
            alt="Product 1 - phone"
            class="object-cover w-[600px] h-[500px]"
            height="500"
            loading="lazy"
            src="https://demo.vercel.store/_next/image?url=https%3A%2F%2Fcdn.shopify.com%2Fs%2Ffiles%2F1%2F0754%2F3727%2F7491%2Ffiles%2Ft-shirt-1.png%3Fv%3D1689798965&w=3840&q=75"
            width="600"
          />
        </div>
        <ul
          class="my-12 flex items-center justify-center gap-2 overflow-auto py-1 lg:mb-0"
        >
          <li
            class="h-20 w-20"
          >
            <div
              class="cursor-pointer group flex h-full w-full items-center justify-center overflow-hidden rounded-lg border hover:border-blue-600 bg-black border-2 border-blue-600"
            >
              <img
                alt="Product 1"
                class="relative h-full w-full object-contain transition duration-300 ease-in-out group-hover:scale-105"
                src="https://demo.vercel.store/_next/image?url=https%3A%2F%2Fcdn.shopify.com%2Fs%2Ffiles%2F1%2F0754%2F3727%2F7491%2Ffiles%2Ft-shirt-1.png%3Fv%3D1689798965&w=3840&q=75"
              />
            </div>
          </li>
        </ul>
      </div>
      <div
        class="basis-full lg:basis-2/6"
      >
        <div
          class="mb-6 flex flex-col border-b pb-6 border-neutral-700"
        >
          <h1
            class="mb-2 text-5xl text-white font-medium"
          >
            Product 1
          </h1>
          <p
            class="mr-auto w-auto rounded-full bg-blue-600 p-2 text-sm text-white"
          >
            $20
            <span
              class="ml-1 inline"
            >
              USD
            </span>
          </p>
        </div>
        <div
          class="prose mx-auto max-w-6xl text-base leading-7 prose-headings:mt-8 prose-headings:font-semibold prose-headings:tracking-wide prose-h1:text-5xl prose-h2:text-4xl prose-h3:text-3xl prose-h4:text-2xl prose-h5:text-xl prose-h6:text-lg prose-a:underline hover:prose-a:text-neutral-300 prose-ol:mt-8 prose-ol:list-decimal prose-ol:pl-6 prose-ul:mt-8 prose-ul:list-disc prose-ul:pl-6 text-white prose-headings:text-white prose-a:text-white prose-strong:text-white mb-6 text-sm leading-tight text-white/[60%]"
        />
        <button
          class="inline-flex items-center text-white justify-center text-sm font-medium transition-colors focus-visible:outline-none focus-visible:ring-2 focus-visible:ring-offset-2 ring-offset-slate-950 focus-visible:ring-slate-300 bg-blue-600 hover:opacity-90 disabled:cursor-not-allowed disabled:opacity-50 w-full h-11 rounded-full"
        >
          Add To Cart
        </button>
      </div>
    </div>
  </div>,
  "debug": [Function],
  "findAllByAltText": [Function],
  "findAllByDisplayValue": [Function],
  "findAllByLabelText": [Function],
  "findAllByPlaceholderText": [Function],
  "findAllByRole": [Function],
  "findAllByTestId": [Function],
  "findAllByText": [Function],
  "findAllByTitle": [Function],
  "findByAltText": [Function],
  "findByDisplayValue": [Function],
  "findByLabelText": [Function],
  "findByPlaceholderText": [Function],
  "findByRole": [Function],
  "findByTestId": [Function],
  "findByText": [Function],
  "findByTitle": [Function],
  "getAllByAltText": [Function],
  "getAllByDisplayValue": [Function],
  "getAllByLabelText": [Function],
  "getAllByPlaceholderText": [Function],
  "getAllByRole": [Function],
  "getAllByTestId": [Function],
  "getAllByText": [Function],
  "getAllByTitle": [Function],
  "getByAltText": [Function],
  "getByDisplayValue": [Function],
  "getByLabelText": [Function],
  "getByPlaceholderText": [Function],
  "getByRole": [Function],
  "getByTestId": [Function],
  "getByText": [Function],
  "getByTitle": [Function],
  "queryAllByAltText": [Function],
  "queryAllByDisplayValue": [Function],
  "queryAllByLabelText": [Function],
  "queryAllByPlaceholderText": [Function],
  "queryAllByRole": [Function],
  "queryAllByTestId": [Function],
  "queryAllByText": [Function],
  "queryAllByTitle": [Function],
  "queryByAltText": [Function],
  "queryByDisplayValue": [Function],
  "queryByLabelText": [Function],
  "queryByPlaceholderText": [Function],
  "queryByRole": [Function],
  "queryByTestId": [Function],
  "queryByText": [Function],
  "queryByTitle": [Function],
  "rerender": [Function],
  "unmount": [Function],
}
`;
