// Jest Snapshot v1, https://goo.gl/fbAQLP

exports[`Categories component Should match snapshot 1`] = `
{
  "asFragment": [Function],
  "baseElement": <body>
    <div>
      <nav>
        <h3
          class="hidden text-xs text-neutral-400 md:block"
        >
          Category
        </h3>
        <ul
          class="hidden md:block"
          data-testid="categories"
        >
          <li
            class="mt-2 flex text-white "
          >
            <a
              class="w-full text-sm underline-offset-4 hover:underline hover:text-neutral-100"
              href="/category/phones"
            >
              Phone
            </a>
          </li>
          <li
            class="mt-2 flex text-white "
          >
            <a
              class="w-full text-sm underline-offset-4 hover:underline hover:text-neutral-100"
              href="/category/laptops"
            >
              Laptop
            </a>
          </li>
        </ul>
        <div
          class="md:hidden"
        >
          <div
            class="relative"
          >
            <select
              class="bg-transparent flex w-full items-center justify-between rounded border px-4 py-2 text-sm border-white/30"
            >
              <option
                class="mt-2 flex text-white bg-black"
                value="phones"
              >
                Phone
              </option>
              <option
                class="mt-2 flex text-white bg-black"
                value="laptops"
              >
                Laptop
              </option>
            </select>
          </div>
        </div>
      </nav>
    </div>
  </body>,
  "container": <div>
    <nav>
      <h3
        class="hidden text-xs text-neutral-400 md:block"
      >
        Category
      </h3>
      <ul
        class="hidden md:block"
        data-testid="categories"
      >
        <li
          class="mt-2 flex text-white "
        >
          <a
            class="w-full text-sm underline-offset-4 hover:underline hover:text-neutral-100"
            href="/category/phones"
          >
            Phone
          </a>
        </li>
        <li
          class="mt-2 flex text-white "
        >
          <a
            class="w-full text-sm underline-offset-4 hover:underline hover:text-neutral-100"
            href="/category/laptops"
          >
            Laptop
          </a>
        </li>
      </ul>
      <div
        class="md:hidden"
      >
        <div
          class="relative"
        >
          <select
            class="bg-transparent flex w-full items-center justify-between rounded border px-4 py-2 text-sm border-white/30"
          >
            <option
              class="mt-2 flex text-white bg-black"
              value="phones"
            >
              Phone
            </option>
            <option
              class="mt-2 flex text-white bg-black"
              value="laptops"
            >
              Laptop
            </option>
          </select>
        </div>
      </div>
    </nav>
  </div>,
  "debug": [Function],
  "findAllByAltText": [Function],
  "findAllByDisplayValue": [Function],
  "findAllByLabelText": [Function],
  "findAllByPlaceholderText": [Function],
  "findAllByRole": [Function],
  "findAllByTestId": [Function],
  "findAllByText": [Function],
  "findAllByTitle": [Function],
  "findByAltText": [Function],
  "findByDisplayValue": [Function],
  "findByLabelText": [Function],
  "findByPlaceholderText": [Function],
  "findByRole": [Function],
  "findByTestId": [Function],
  "findByText": [Function],
  "findByTitle": [Function],
  "getAllByAltText": [Function],
  "getAllByDisplayValue": [Function],
  "getAllByLabelText": [Function],
  "getAllByPlaceholderText": [Function],
  "getAllByRole": [Function],
  "getAllByTestId": [Function],
  "getAllByText": [Function],
  "getAllByTitle": [Function],
  "getByAltText": [Function],
  "getByDisplayValue": [Function],
  "getByLabelText": [Function],
  "getByPlaceholderText": [Function],
  "getByRole": [Function],
  "getByTestId": [Function],
  "getByText": [Function],
  "getByTitle": [Function],
  "queryAllByAltText": [Function],
  "queryAllByDisplayValue": [Function],
  "queryAllByLabelText": [Function],
  "queryAllByPlaceholderText": [Function],
  "queryAllByRole": [Function],
  "queryAllByTestId": [Function],
  "queryAllByText": [Function],
  "queryAllByTitle": [Function],
  "queryByAltText": [Function],
  "queryByDisplayValue": [Function],
  "queryByLabelText": [Function],
  "queryByPlaceholderText": [Function],
  "queryByRole": [Function],
  "queryByTestId": [Function],
  "queryByText": [Function],
  "queryByTitle": [Function],
  "rerender": [Function],
  "unmount": [Function],
}
`;
